
> sv-window-manager@0.2.2 test:unit
> vitest run --silent --browser.headless --browser.ui=false --reporter=json

The following Vite config options will be overridden by SvelteKit:
  - base
{"numTotalTestSuites":149,"numPassedTestSuites":129,"numFailedTestSuites":20,"numPendingTestSuites":0,"numTotalTests":287,"numPassedTests":269,"numFailedTests":18,"numPendingTests":0,"numTodoTests":0,"snapshot":{"added":0,"failure":false,"filesAdded":0,"filesRemoved":0,"filesRemovedList":[],"filesUnmatched":0,"filesUpdated":0,"matched":0,"total":0,"unchecked":0,"uncheckedKeysByFile":[],"unmatched":0,"updated":0,"didUpdate":false},"startTime":1763535974200,"success":false,"testResults":[{"assertionResults":[{"ancestorTitles":["Barrel Exports","Component Exports"],"fullName":"Barrel Exports Component Exports should export BinaryWindow component","status":"passed","title":"should export BinaryWindow component","duration":3403.525516,"failureMessages":[],"meta":{}},{"ancestorTitles":["Barrel Exports","Component Exports"],"fullName":"Barrel Exports Component Exports should export Frame component","status":"passed","title":"should export Frame component","duration":0.5367249999999331,"failureMessages":[],"meta":{}},{"ancestorTitles":["Barrel Exports","Component Exports"],"fullName":"Barrel Exports Component Exports should export Pane component","status":"passed","title":"should export Pane component","duration":0.43039299999963987,"failureMessages":[],"meta":{}},{"ancestorTitles":["Barrel Exports","Component Exports"],"fullName":"Barrel Exports Component Exports should export Muntin component","status":"passed","title":"should export Muntin component","duration":0.49015499999950407,"failureMessages":[],"meta":{}},{"ancestorTitles":["Barrel Exports","Component Exports"],"fullName":"Barrel Exports Component Exports should export Glass component","status":"passed","title":"should export Glass component","duration":0.42003099999965343,"failureMessages":[],"meta":{}},{"ancestorTitles":["Barrel Exports","Action Exports"],"fullName":"Barrel Exports Action Exports should export resize action","status":"passed","title":"should export resize action","duration":0.5424389999998311,"failureMessages":[],"meta":{}},{"ancestorTitles":["Barrel Exports","Action Exports"],"fullName":"Barrel Exports Action Exports should export drag action","status":"passed","title":"should export drag action","duration":0.45710700000017823,"failureMessages":[],"meta":{}},{"ancestorTitles":["Barrel Exports","Action Exports"],"fullName":"Barrel Exports Action Exports should export drop action","status":"passed","title":"should export drop action","duration":0.5484350000006089,"failureMessages":[],"meta":{}},{"ancestorTitles":["Barrel Exports","Action Exports"],"fullName":"Barrel Exports Action Exports should export window actions","status":"passed","title":"should export window actions","duration":0.6591239999997924,"failureMessages":[],"meta":{}},{"ancestorTitles":["Barrel Exports","Utility Exports"],"fullName":"Barrel Exports Utility Exports should export Sash class","status":"passed","title":"should export Sash class","duration":0.42525900000055117,"failureMessages":[],"meta":{}},{"ancestorTitles":["Barrel Exports","Utility Exports"],"fullName":"Barrel Exports Utility Exports should export Position class","status":"passed","title":"should export Position class","duration":0.4271359999993365,"failureMessages":[],"meta":{}},{"ancestorTitles":["Barrel Exports","Utility Exports"],"fullName":"Barrel Exports Utility Exports should export SashConfig class","status":"passed","title":"should export SashConfig class","duration":0.4939990000002581,"failureMessages":[],"meta":{}},{"ancestorTitles":["Barrel Exports","Utility Exports"],"fullName":"Barrel Exports Utility Exports should export ConfigRoot class","status":"passed","title":"should export ConfigRoot class","duration":0.508281999999781,"failureMessages":[],"meta":{}},{"ancestorTitles":["Barrel Exports","Constant Exports"],"fullName":"Barrel Exports Constant Exports should export size constants","status":"passed","title":"should export size constants","duration":0.48868099999981496,"failureMessages":[],"meta":{}},{"ancestorTitles":["Barrel Exports","Constant Exports"],"fullName":"Barrel Exports Constant Exports should export CSS_CLASSES constant","status":"passed","title":"should export CSS_CLASSES constant","duration":0.49555099999997765,"failureMessages":[],"meta":{}},{"ancestorTitles":["Barrel Exports","Constant Exports"],"fullName":"Barrel Exports Constant Exports should export DATA_ATTRIBUTES constant","status":"passed","title":"should export DATA_ATTRIBUTES constant","duration":0.4546840000002703,"failureMessages":[],"meta":{}},{"ancestorTitles":["Barrel Exports","Context Exports"],"fullName":"Barrel Exports Context Exports should export context utilities","status":"passed","title":"should export context utilities","duration":0.810048999999708,"failureMessages":[],"meta":{}},{"ancestorTitles":["Barrel Exports","Error Exports"],"fullName":"Barrel Exports Error Exports should export BwinError class","status":"passed","title":"should export BwinError class","duration":0.7162230000003547,"failureMessages":[],"meta":{}},{"ancestorTitles":["Barrel Exports","Error Exports"],"fullName":"Barrel Exports Error Exports should export BwinErrors factory","status":"passed","title":"should export BwinErrors factory","duration":0.5354800000004616,"failureMessages":[],"meta":{}},{"ancestorTitles":["Barrel Exports","Tree Shaking Support"],"fullName":"Barrel Exports Tree Shaking Support should allow selective imports (tree-shaking)","status":"passed","title":"should allow selective imports (tree-shaking)","duration":0.8378229999998439,"failureMessages":[],"meta":{}}],"startTime":1763535976691,"endTime":1763535980105.838,"status":"passed","message":"","name":"/home/user/sv-window-manager/src/lib/index.test.ts"},{"assertionResults":[{"ancestorTitles":["BwinError class","constructor"],"fullName":"BwinError class constructor creates an error with message only","status":"passed","title":"creates an error with message only","duration":2.1919490000000224,"failureMessages":[],"meta":{}},{"ancestorTitles":["BwinError class","constructor"],"fullName":"BwinError class constructor creates an error with message and code","status":"passed","title":"creates an error with message and code","duration":0.4404349999999795,"failureMessages":[],"meta":{}},{"ancestorTitles":["BwinError class","constructor"],"fullName":"BwinError class constructor creates an error with message, code, and context","status":"passed","title":"creates an error with message, code, and context","duration":1.0465570000001208,"failureMessages":[],"meta":{}},{"ancestorTitles":["BwinError class","constructor"],"fullName":"BwinError class constructor prefixes message with [bwin]","status":"passed","title":"prefixes message with [bwin]","duration":0.27048599999989165,"failureMessages":[],"meta":{}},{"ancestorTitles":["BwinError class","constructor"],"fullName":"BwinError class constructor is an instance of Error","status":"passed","title":"is an instance of Error","duration":0.37416899999971065,"failureMessages":[],"meta":{}},{"ancestorTitles":["BwinErrors factory functions","frameNotInitialized"],"fullName":"BwinErrors factory functions frameNotInitialized returns a BwinError with correct properties","status":"passed","title":"returns a BwinError with correct properties","duration":0.5791960000001382,"failureMessages":[],"meta":{}},{"ancestorTitles":["BwinErrors factory functions","paneNotFound"],"fullName":"BwinErrors factory functions paneNotFound returns a BwinError with sash ID in message and context","status":"passed","title":"returns a BwinError with sash ID in message and context","duration":0.42908699999998134,"failureMessages":[],"meta":{}},{"ancestorTitles":["BwinErrors factory functions","invalidPosition"],"fullName":"BwinErrors factory functions invalidPosition returns a BwinError with position in message and context","status":"failed","title":"returns a BwinError with position in message and context","duration":8.814554000000044,"failureMessages":["AssertionError: expected undefined to be defined\n    at /home/user/sv-window-manager/src/lib/bwin/errors.test.ts:86:29\n    at file:///home/user/sv-window-manager/node_modules/@vitest/runner/dist/chunk-hooks.js:155:11\n    at file:///home/user/sv-window-manager/node_modules/@vitest/runner/dist/chunk-hooks.js:752:26\n    at file:///home/user/sv-window-manager/node_modules/@vitest/runner/dist/chunk-hooks.js:1897:20\n    at new Promise (<anonymous>)\n    at runWithTimeout (file:///home/user/sv-window-manager/node_modules/@vitest/runner/dist/chunk-hooks.js:1863:10)\n    at runTest (file:///home/user/sv-window-manager/node_modules/@vitest/runner/dist/chunk-hooks.js:1574:12)\n    at processTicksAndRejections (node:internal/process/task_queues:105:5)\n    at runSuite (file:///home/user/sv-window-manager/node_modules/@vitest/runner/dist/chunk-hooks.js:1729:8)\n    at runSuite (file:///home/user/sv-window-manager/node_modules/@vitest/runner/dist/chunk-hooks.js:1729:8)"],"meta":{}},{"ancestorTitles":["BwinErrors factory functions","missingSashId"],"fullName":"BwinErrors factory functions missingSashId returns a BwinError without element","status":"passed","title":"returns a BwinError without element","duration":0.5810150000002068,"failureMessages":[],"meta":{}},{"ancestorTitles":["BwinErrors factory functions","missingSashId"],"fullName":"BwinErrors factory functions missingSashId returns a BwinError with element className in context","status":"passed","title":"returns a BwinError with element className in context","duration":0.38255500000013853,"failureMessages":[],"meta":{}},{"ancestorTitles":["BwinErrors factory functions","invalidDimensions"],"fullName":"BwinErrors factory functions invalidDimensions returns a BwinError with dimensions in message and context","status":"passed","title":"returns a BwinError with dimensions in message and context","duration":0.38158500000008644,"failureMessages":[],"meta":{}},{"ancestorTitles":["BwinErrors factory functions","invalidDimensions"],"fullName":"BwinErrors factory functions invalidDimensions handles negative dimensions","status":"passed","title":"handles negative dimensions","duration":0.3284490000000915,"failureMessages":[],"meta":{}},{"ancestorTitles":["BwinErrors factory functions","invalidDimensions"],"fullName":"BwinErrors factory functions invalidDimensions handles zero dimensions","status":"passed","title":"handles zero dimensions","duration":0.18277200000011362,"failureMessages":[],"meta":{}},{"ancestorTitles":["BwinErrors factory functions","componentNotReady"],"fullName":"BwinErrors factory functions componentNotReady returns a BwinError with component name in message and context","status":"passed","title":"returns a BwinError with component name in message and context","duration":0.24506800000017392,"failureMessages":[],"meta":{}},{"ancestorTitles":["BwinErrors factory functions","invalidConfiguration"],"fullName":"BwinErrors factory functions invalidConfiguration returns a BwinError with config message","status":"passed","title":"returns a BwinError with config message","duration":0.22668099999964397,"failureMessages":[],"meta":{}},{"ancestorTitles":["BwinErrors factory functions","paneElementNotFound"],"fullName":"BwinErrors factory functions paneElementNotFound returns a BwinError","status":"passed","title":"returns a BwinError","duration":0.34208799999987605,"failureMessages":[],"meta":{}},{"ancestorTitles":["BwinErrors factory functions","paneElementMissingSashId"],"fullName":"BwinErrors factory functions paneElementMissingSashId returns a BwinError","status":"passed","title":"returns a BwinError","duration":0.2697560000001431,"failureMessages":[],"meta":{}},{"ancestorTitles":["BwinErrors factory functions","sillElementNotFound"],"fullName":"BwinErrors factory functions sillElementNotFound returns a BwinError","status":"passed","title":"returns a BwinError","duration":0.2683870000000752,"failureMessages":[],"meta":{}},{"ancestorTitles":["BwinErrors factory functions","minimizedGlassCreationFailed"],"fullName":"BwinErrors factory functions minimizedGlassCreationFailed returns a BwinError","status":"passed","title":"returns a BwinError","duration":0.23001699999986158,"failureMessages":[],"meta":{}},{"ancestorTitles":["BwinErrors factory functions","siblingsNotOpposite"],"fullName":"BwinErrors factory functions siblingsNotOpposite returns a BwinError","status":"passed","title":"returns a BwinError","duration":0.2288100000000668,"failureMessages":[],"meta":{}},{"ancestorTitles":["BwinErrors factory functions","siblingSizesSumNot1"],"fullName":"BwinErrors factory functions siblingSizesSumNot1 returns a BwinError","status":"passed","title":"returns a BwinError","duration":0.26407800000015413,"failureMessages":[],"meta":{}},{"ancestorTitles":["BwinErrors factory functions","siblingSizesSumNotWidth"],"fullName":"BwinErrors factory functions siblingSizesSumNotWidth returns a BwinError","status":"passed","title":"returns a BwinError","duration":0.21967300000005707,"failureMessages":[],"meta":{}},{"ancestorTitles":["BwinErrors factory functions","siblingSizesSumNotHeight"],"fullName":"BwinErrors factory functions siblingSizesSumNotHeight returns a BwinError","status":"passed","title":"returns a BwinError","duration":0.24146200000041063,"failureMessages":[],"meta":{}},{"ancestorTitles":["BwinErrors factory functions","invalidSize"],"fullName":"BwinErrors factory functions invalidSize returns a BwinError with numeric size","status":"passed","title":"returns a BwinError with numeric size","duration":0.39625000000023647,"failureMessages":[],"meta":{}},{"ancestorTitles":["BwinErrors factory functions","invalidSize"],"fullName":"BwinErrors factory functions invalidSize returns a BwinError with string size","status":"passed","title":"returns a BwinError with string size","duration":0.22171000000025742,"failureMessages":[],"meta":{}},{"ancestorTitles":["BwinErrors factory functions","invalidConfigValue"],"fullName":"BwinErrors factory functions invalidConfigValue returns a BwinError with config value","status":"passed","title":"returns a BwinError with config value","duration":0.21992899999986548,"failureMessages":[],"meta":{}},{"ancestorTitles":["BwinErrors factory functions","sashPositionRequired"],"fullName":"BwinErrors factory functions sashPositionRequired returns a BwinError","status":"passed","title":"returns a BwinError","duration":0.16494700000021112,"failureMessages":[],"meta":{}},{"ancestorTitles":["BwinErrors factory functions","sashNotFoundWhenSwapping"],"fullName":"BwinErrors factory functions sashNotFoundWhenSwapping returns a BwinError","status":"passed","title":"returns a BwinError","duration":0.14048099999990882,"failureMessages":[],"meta":{}},{"ancestorTitles":["BwinErrors factory functions","maxChildrenExceeded"],"fullName":"BwinErrors factory functions maxChildrenExceeded returns a BwinError","status":"passed","title":"returns a BwinError","duration":0.15609500000027765,"failureMessages":[],"meta":{}},{"ancestorTitles":["BwinErrors factory functions","parameterMustBePositiveInteger"],"fullName":"BwinErrors factory functions parameterMustBePositiveInteger returns a BwinError","status":"passed","title":"returns a BwinError","duration":0.14384500000005573,"failureMessages":[],"meta":{}},{"ancestorTitles":["BwinErrors factory functions","parametersMustBeNonNegative"],"fullName":"BwinErrors factory functions parametersMustBeNonNegative returns a BwinError","status":"passed","title":"returns a BwinError","duration":0.18609399999968446,"failureMessages":[],"meta":{}},{"ancestorTitles":["BwinErrors factory functions","keyAlreadyExists"],"fullName":"BwinErrors factory functions keyAlreadyExists returns a BwinError with key in message and context","status":"passed","title":"returns a BwinError with key in message and context","duration":0.1895289999997658,"failureMessages":[],"meta":{}},{"ancestorTitles":["BwinErrors factory functions","all error codes are unique"],"fullName":"BwinErrors factory functions all error codes are unique ensures no duplicate error codes","status":"passed","title":"ensures no duplicate error codes","duration":0.5376980000000913,"failureMessages":[],"meta":{}},{"ancestorTitles":["BwinErrors factory functions","all errors have [bwin] prefix"],"fullName":"BwinErrors factory functions all errors have [bwin] prefix ensures all errors are prefixed correctly","status":"passed","title":"ensures all errors are prefixed correctly","duration":1.0264690000003611,"failureMessages":[],"meta":{}},{"ancestorTitles":["BwinErrors factory functions","error factory returns BwinError instances"],"fullName":"BwinErrors factory functions error factory returns BwinError instances ensures all factories return BwinError instances","status":"passed","title":"ensures all factories return BwinError instances","duration":1.3713109999998778,"failureMessages":[],"meta":{}}],"startTime":1763535976936,"endTime":1763535976963.3713,"status":"failed","message":"","name":"/home/user/sv-window-manager/src/lib/bwin/errors.test.ts"},{"assertionResults":[{"ancestorTitles":["Performance Stress Tests - Large Trees","100-Pane Window Performance"],"fullName":"Performance Stress Tests - Large Trees 100-Pane Window Performance creates 100-pane window efficiently","status":"passed","title":"creates 100-pane window efficiently","duration":2.795939000000544,"failureMessages":[],"meta":{}},{"ancestorTitles":["Performance Stress Tests - Large Trees","100-Pane Window Performance"],"fullName":"Performance Stress Tests - Large Trees 100-Pane Window Performance finds pane by ID in 100-pane tree quickly","status":"failed","title":"finds pane by ID in 100-pane tree quickly","duration":7.002016999999796,"failureMessages":["AssertionError: expected 51 to be greater than or equal to 100\n    at /home/user/sv-window-manager/src/lib/bwin/performance-stress.test.ts:84:26\n    at file:///home/user/sv-window-manager/node_modules/@vitest/runner/dist/chunk-hooks.js:155:11\n    at file:///home/user/sv-window-manager/node_modules/@vitest/runner/dist/chunk-hooks.js:752:26\n    at file:///home/user/sv-window-manager/node_modules/@vitest/runner/dist/chunk-hooks.js:1897:20\n    at new Promise (<anonymous>)\n    at runWithTimeout (file:///home/user/sv-window-manager/node_modules/@vitest/runner/dist/chunk-hooks.js:1863:10)\n    at runTest (file:///home/user/sv-window-manager/node_modules/@vitest/runner/dist/chunk-hooks.js:1574:12)\n    at processTicksAndRejections (node:internal/process/task_queues:105:5)\n    at runSuite (file:///home/user/sv-window-manager/node_modules/@vitest/runner/dist/chunk-hooks.js:1729:8)\n    at runSuite (file:///home/user/sv-window-manager/node_modules/@vitest/runner/dist/chunk-hooks.js:1729:8)"],"meta":{}},{"ancestorTitles":["Performance Stress Tests - Large Trees","100-Pane Window Performance"],"fullName":"Performance Stress Tests - Large Trees 100-Pane Window Performance walks 100-pane tree efficiently","status":"passed","title":"walks 100-pane tree efficiently","duration":0.783502999999655,"failureMessages":[],"meta":{}},{"ancestorTitles":["Performance Stress Tests - Large Trees","100-Pane Window Performance"],"fullName":"Performance Stress Tests - Large Trees 100-Pane Window Performance calculates min dimensions for 100-pane tree","status":"passed","title":"calculates min dimensions for 100-pane tree","duration":1.068029000000024,"failureMessages":[],"meta":{}},{"ancestorTitles":["Performance Stress Tests - Large Trees","100-Pane Window Performance"],"fullName":"Performance Stress Tests - Large Trees 100-Pane Window Performance resizes 100-pane tree at 60fps","status":"passed","title":"resizes 100-pane tree at 60fps","duration":1.5931390000005194,"failureMessages":[],"meta":{}},{"ancestorTitles":["Performance Stress Tests - Large Trees","100-Pane Window Performance"],"fullName":"Performance Stress Tests - Large Trees 100-Pane Window Performance handles rapid add/remove operations","status":"passed","title":"handles rapid add/remove operations","duration":0.9217239999998128,"failureMessages":[],"meta":{}},{"ancestorTitles":["Performance Stress Tests - Large Trees","200-Pane Window Stress Test"],"fullName":"Performance Stress Tests - Large Trees 200-Pane Window Stress Test creates and manipulates 200-pane window","status":"failed","title":"creates and manipulates 200-pane window","duration":0.7892430000001696,"failureMessages":["AssertionError: expected 101 to be greater than or equal to 200\n    at /home/user/sv-window-manager/src/lib/bwin/performance-stress.test.ts:223:26\n    at file:///home/user/sv-window-manager/node_modules/@vitest/runner/dist/chunk-hooks.js:155:11\n    at file:///home/user/sv-window-manager/node_modules/@vitest/runner/dist/chunk-hooks.js:752:26\n    at file:///home/user/sv-window-manager/node_modules/@vitest/runner/dist/chunk-hooks.js:1897:20\n    at new Promise (<anonymous>)\n    at runWithTimeout (file:///home/user/sv-window-manager/node_modules/@vitest/runner/dist/chunk-hooks.js:1863:10)\n    at runTest (file:///home/user/sv-window-manager/node_modules/@vitest/runner/dist/chunk-hooks.js:1574:12)\n    at processTicksAndRejections (node:internal/process/task_queues:105:5)\n    at runSuite (file:///home/user/sv-window-manager/node_modules/@vitest/runner/dist/chunk-hooks.js:1729:8)\n    at runSuite (file:///home/user/sv-window-manager/node_modules/@vitest/runner/dist/chunk-hooks.js:1729:8)"],"meta":{}},{"ancestorTitles":["Performance Stress Tests - Large Trees","Deep Nesting Stress Test"],"fullName":"Performance Stress Tests - Large Trees Deep Nesting Stress Test handles 50-level deep nesting without stack overflow","status":"passed","title":"handles 50-level deep nesting without stack overflow","duration":1.3020379999998113,"failureMessages":[],"meta":{}},{"ancestorTitles":["Performance Stress Tests - Large Trees","Deep Nesting Stress Test"],"fullName":"Performance Stress Tests - Large Trees Deep Nesting Stress Test handles 100-level deep nesting","status":"passed","title":"handles 100-level deep nesting","duration":0.7578000000003158,"failureMessages":[],"meta":{}},{"ancestorTitles":["Performance Stress Tests - Large Trees","Wide Tree Stress Test"],"fullName":"Performance Stress Tests - Large Trees Wide Tree Stress Test handles 1000 sibling panes","status":"passed","title":"handles 1000 sibling panes","duration":1.8583269999999175,"failureMessages":[],"meta":{}},{"ancestorTitles":["Performance Stress Tests - Large Trees","Memory Efficiency"],"fullName":"Performance Stress Tests - Large Trees Memory Efficiency does not leak memory with 100 add/remove cycles","status":"failed","title":"does not leak memory with 100 add/remove cycles","duration":15.837265000000116,"failureMessages":["AssertionError: expected 51 to be greater than 90\n    at /home/user/sv-window-manager/src/lib/bwin/performance-stress.test.ts:405:21\n    at file:///home/user/sv-window-manager/node_modules/@vitest/runner/dist/chunk-hooks.js:155:11\n    at file:///home/user/sv-window-manager/node_modules/@vitest/runner/dist/chunk-hooks.js:752:26\n    at file:///home/user/sv-window-manager/node_modules/@vitest/runner/dist/chunk-hooks.js:1897:20\n    at new Promise (<anonymous>)\n    at runWithTimeout (file:///home/user/sv-window-manager/node_modules/@vitest/runner/dist/chunk-hooks.js:1863:10)\n    at runTest (file:///home/user/sv-window-manager/node_modules/@vitest/runner/dist/chunk-hooks.js:1574:12)\n    at processTicksAndRejections (node:internal/process/task_queues:105:5)\n    at runSuite (file:///home/user/sv-window-manager/node_modules/@vitest/runner/dist/chunk-hooks.js:1729:8)\n    at runSuite (file:///home/user/sv-window-manager/node_modules/@vitest/runner/dist/chunk-hooks.js:1729:8)"],"meta":{}},{"ancestorTitles":["Performance Stress Tests - Large Trees","Performance Benchmarks"],"fullName":"Performance Stress Tests - Large Trees Performance Benchmarks meets all performance budgets for 100-pane tree","status":"passed","title":"meets all performance budgets for 100-pane tree","duration":1.4212580000003072,"failureMessages":[],"meta":{}}],"startTime":1763535979280,"endTime":1763535979316.4211,"status":"failed","message":"","name":"/home/user/sv-window-manager/src/lib/bwin/performance-stress.test.ts"},{"assertionResults":[{"ancestorTitles":["Persistence Module","serializeTree"],"fullName":"Persistence Module serializeTree serializes a single sash node","status":"failed","title":"serializes a single sash node","duration":7.954407000000174,"failureMessages":["ReferenceError: HTMLElement is not defined\n    at serializeTree (/home/user/sv-window-manager/src/lib/bwin/persistence.ts:174:24)\n    at /home/user/sv-window-manager/src/lib/bwin/persistence.test.ts:33:23\n    at file:///home/user/sv-window-manager/node_modules/@vitest/runner/dist/chunk-hooks.js:155:11\n    at file:///home/user/sv-window-manager/node_modules/@vitest/runner/dist/chunk-hooks.js:752:26\n    at file:///home/user/sv-window-manager/node_modules/@vitest/runner/dist/chunk-hooks.js:1897:20\n    at new Promise (<anonymous>)\n    at runWithTimeout (file:///home/user/sv-window-manager/node_modules/@vitest/runner/dist/chunk-hooks.js:1863:10)\n    at runTest (file:///home/user/sv-window-manager/node_modules/@vitest/runner/dist/chunk-hooks.js:1574:12)\n    at processTicksAndRejections (node:internal/process/task_queues:105:5)\n    at runSuite (file:///home/user/sv-window-manager/node_modules/@vitest/runner/dist/chunk-hooks.js:1729:8)"],"meta":{}},{"ancestorTitles":["Persistence Module","serializeTree"],"fullName":"Persistence Module serializeTree serializes a sash tree with children","status":"passed","title":"serializes a sash tree with children","duration":1.7306619999999384,"failureMessages":[],"meta":{}},{"ancestorTitles":["Persistence Module","serializeTree"],"fullName":"Persistence Module serializeTree filters out functions from store","status":"failed","title":"filters out functions from store","duration":0.6560929999996006,"failureMessages":["ReferenceError: HTMLElement is not defined\n    at serializeTree (/home/user/sv-window-manager/src/lib/bwin/persistence.ts:174:24)\n    at /home/user/sv-window-manager/src/lib/bwin/persistence.test.ts:86:23\n    at file:///home/user/sv-window-manager/node_modules/@vitest/runner/dist/chunk-hooks.js:155:11\n    at file:///home/user/sv-window-manager/node_modules/@vitest/runner/dist/chunk-hooks.js:752:26\n    at file:///home/user/sv-window-manager/node_modules/@vitest/runner/dist/chunk-hooks.js:1897:20\n    at new Promise (<anonymous>)\n    at runWithTimeout (file:///home/user/sv-window-manager/node_modules/@vitest/runner/dist/chunk-hooks.js:1863:10)\n    at runTest (file:///home/user/sv-window-manager/node_modules/@vitest/runner/dist/chunk-hooks.js:1574:12)\n    at processTicksAndRejections (node:internal/process/task_queues:105:5)\n    at runSuite (file:///home/user/sv-window-manager/node_modules/@vitest/runner/dist/chunk-hooks.js:1729:8)"],"meta":{}},{"ancestorTitles":["Persistence Module","serializeTree"],"fullName":"Persistence Module serializeTree handles component mapping with componentToKey","status":"failed","title":"handles component mapping with componentToKey","duration":0.4446410000000469,"failureMessages":["ReferenceError: HTMLElement is not defined\n    at serializeTree (/home/user/sv-window-manager/src/lib/bwin/persistence.ts:174:24)\n    at /home/user/sv-window-manager/src/lib/bwin/persistence.test.ts:106:23\n    at file:///home/user/sv-window-manager/node_modules/@vitest/runner/dist/chunk-hooks.js:155:11\n    at file:///home/user/sv-window-manager/node_modules/@vitest/runner/dist/chunk-hooks.js:752:26\n    at file:///home/user/sv-window-manager/node_modules/@vitest/runner/dist/chunk-hooks.js:1897:20\n    at new Promise (<anonymous>)\n    at runWithTimeout (file:///home/user/sv-window-manager/node_modules/@vitest/runner/dist/chunk-hooks.js:1863:10)\n    at runTest (file:///home/user/sv-window-manager/node_modules/@vitest/runner/dist/chunk-hooks.js:1574:12)\n    at processTicksAndRejections (node:internal/process/task_queues:105:5)\n    at runSuite (file:///home/user/sv-window-manager/node_modules/@vitest/runner/dist/chunk-hooks.js:1729:8)"],"meta":{}},{"ancestorTitles":["Persistence Module","serializeTree"],"fullName":"Persistence Module serializeTree applies custom store filter","status":"failed","title":"applies custom store filter","duration":0.4244010000002163,"failureMessages":["ReferenceError: HTMLElement is not defined\n    at serializeTree (/home/user/sv-window-manager/src/lib/bwin/persistence.ts:174:24)\n    at /home/user/sv-window-manager/src/lib/bwin/persistence.test.ts:125:23\n    at file:///home/user/sv-window-manager/node_modules/@vitest/runner/dist/chunk-hooks.js:155:11\n    at file:///home/user/sv-window-manager/node_modules/@vitest/runner/dist/chunk-hooks.js:752:26\n    at file:///home/user/sv-window-manager/node_modules/@vitest/runner/dist/chunk-hooks.js:1897:20\n    at new Promise (<anonymous>)\n    at runWithTimeout (file:///home/user/sv-window-manager/node_modules/@vitest/runner/dist/chunk-hooks.js:1863:10)\n    at runTest (file:///home/user/sv-window-manager/node_modules/@vitest/runner/dist/chunk-hooks.js:1574:12)\n    at processTicksAndRejections (node:internal/process/task_queues:105:5)\n    at runSuite (file:///home/user/sv-window-manager/node_modules/@vitest/runner/dist/chunk-hooks.js:1729:8)"],"meta":{}},{"ancestorTitles":["Persistence Module","deserializeTree"],"fullName":"Persistence Module deserializeTree deserializes a single sash node","status":"passed","title":"deserializes a single sash node","duration":0.7922559999997247,"failureMessages":[],"meta":{}},{"ancestorTitles":["Persistence Module","deserializeTree"],"fullName":"Persistence Module deserializeTree deserializes a sash tree with children","status":"passed","title":"deserializes a sash tree with children","duration":0.9254190000001472,"failureMessages":[],"meta":{}},{"ancestorTitles":["Persistence Module","deserializeTree"],"fullName":"Persistence Module deserializeTree resolves component references with componentMap","status":"passed","title":"resolves component references with componentMap","duration":0.7616080000007059,"failureMessages":[],"meta":{}},{"ancestorTitles":["Persistence Module","deserializeTree"],"fullName":"Persistence Module deserializeTree throws error for invalid data (missing id)","status":"passed","title":"throws error for invalid data (missing id)","duration":0.8636530000003404,"failureMessages":[],"meta":{}},{"ancestorTitles":["Persistence Module","deserializeTree"],"fullName":"Persistence Module deserializeTree throws error for invalid data (negative dimensions)","status":"passed","title":"throws error for invalid data (negative dimensions)","duration":0.23931699999957345,"failureMessages":[],"meta":{}},{"ancestorTitles":["Persistence Module","deserializeTree"],"fullName":"Persistence Module deserializeTree skips validation when skipValidation is true","status":"passed","title":"skips validation when skipValidation is true","duration":0.13318600000002334,"failureMessages":[],"meta":{}},{"ancestorTitles":["Persistence Module","round-trip serialization"],"fullName":"Persistence Module round-trip serialization preserves tree structure through serialize->deserialize","status":"failed","title":"preserves tree structure through serialize->deserialize","duration":0.45248499999979686,"failureMessages":["ReferenceError: HTMLElement is not defined\n    at serializeTree (/home/user/sv-window-manager/src/lib/bwin/persistence.ts:174:24)\n    at /home/user/sv-window-manager/src/lib/bwin/persistence.test.ts:330:23\n    at file:///home/user/sv-window-manager/node_modules/@vitest/runner/dist/chunk-hooks.js:155:11\n    at file:///home/user/sv-window-manager/node_modules/@vitest/runner/dist/chunk-hooks.js:752:26\n    at file:///home/user/sv-window-manager/node_modules/@vitest/runner/dist/chunk-hooks.js:1897:20\n    at new Promise (<anonymous>)\n    at runWithTimeout (file:///home/user/sv-window-manager/node_modules/@vitest/runner/dist/chunk-hooks.js:1863:10)\n    at runTest (file:///home/user/sv-window-manager/node_modules/@vitest/runner/dist/chunk-hooks.js:1574:12)\n    at processTicksAndRejections (node:internal/process/task_queues:105:5)\n    at runSuite (file:///home/user/sv-window-manager/node_modules/@vitest/runner/dist/chunk-hooks.js:1729:8)"],"meta":{}},{"ancestorTitles":["Persistence Module","round-trip serialization"],"fullName":"Persistence Module round-trip serialization preserves component references through round-trip","status":"failed","title":"preserves component references through round-trip","duration":0.3555799999994633,"failureMessages":["ReferenceError: HTMLElement is not defined\n    at serializeTree (/home/user/sv-window-manager/src/lib/bwin/persistence.ts:174:24)\n    at /home/user/sv-window-manager/src/lib/bwin/persistence.test.ts:362:23\n    at file:///home/user/sv-window-manager/node_modules/@vitest/runner/dist/chunk-hooks.js:155:11\n    at file:///home/user/sv-window-manager/node_modules/@vitest/runner/dist/chunk-hooks.js:752:26\n    at file:///home/user/sv-window-manager/node_modules/@vitest/runner/dist/chunk-hooks.js:1897:20\n    at new Promise (<anonymous>)\n    at runWithTimeout (file:///home/user/sv-window-manager/node_modules/@vitest/runner/dist/chunk-hooks.js:1863:10)\n    at runTest (file:///home/user/sv-window-manager/node_modules/@vitest/runner/dist/chunk-hooks.js:1574:12)\n    at processTicksAndRejections (node:internal/process/task_queues:105:5)\n    at runSuite (file:///home/user/sv-window-manager/node_modules/@vitest/runner/dist/chunk-hooks.js:1729:8)"],"meta":{}},{"ancestorTitles":["Persistence Module","localStorage integration"],"fullName":"Persistence Module localStorage integration saves and loads from localStorage","status":"failed","title":"saves and loads from localStorage","duration":3.695127999999386,"failureMessages":["AssertionError: expected false to be true // Object.is equality\n    at /home/user/sv-window-manager/src/lib/bwin/persistence.test.ts:397:31\n    at file:///home/user/sv-window-manager/node_modules/@vitest/runner/dist/chunk-hooks.js:155:11\n    at file:///home/user/sv-window-manager/node_modules/@vitest/runner/dist/chunk-hooks.js:752:26\n    at file:///home/user/sv-window-manager/node_modules/@vitest/runner/dist/chunk-hooks.js:1897:20\n    at new Promise (<anonymous>)\n    at runWithTimeout (file:///home/user/sv-window-manager/node_modules/@vitest/runner/dist/chunk-hooks.js:1863:10)\n    at runTest (file:///home/user/sv-window-manager/node_modules/@vitest/runner/dist/chunk-hooks.js:1574:12)\n    at processTicksAndRejections (node:internal/process/task_queues:105:5)\n    at runSuite (file:///home/user/sv-window-manager/node_modules/@vitest/runner/dist/chunk-hooks.js:1729:8)\n    at runSuite (file:///home/user/sv-window-manager/node_modules/@vitest/runner/dist/chunk-hooks.js:1729:8)"],"meta":{}},{"ancestorTitles":["Persistence Module","localStorage integration"],"fullName":"Persistence Module localStorage integration returns error when loading non-existent key","status":"failed","title":"returns error when loading non-existent key","duration":2.535635000000184,"failureMessages":["AssertionError: expected 'localStorage not available (SSR or un…' to contain 'No data found'\n    at /home/user/sv-window-manager/src/lib/bwin/persistence.test.ts:413:25\n    at file:///home/user/sv-window-manager/node_modules/@vitest/runner/dist/chunk-hooks.js:155:11\n    at file:///home/user/sv-window-manager/node_modules/@vitest/runner/dist/chunk-hooks.js:752:26\n    at file:///home/user/sv-window-manager/node_modules/@vitest/runner/dist/chunk-hooks.js:1897:20\n    at new Promise (<anonymous>)\n    at runWithTimeout (file:///home/user/sv-window-manager/node_modules/@vitest/runner/dist/chunk-hooks.js:1863:10)\n    at runTest (file:///home/user/sv-window-manager/node_modules/@vitest/runner/dist/chunk-hooks.js:1574:12)\n    at processTicksAndRejections (node:internal/process/task_queues:105:5)\n    at runSuite (file:///home/user/sv-window-manager/node_modules/@vitest/runner/dist/chunk-hooks.js:1729:8)\n    at runSuite (file:///home/user/sv-window-manager/node_modules/@vitest/runner/dist/chunk-hooks.js:1729:8)"],"meta":{}},{"ancestorTitles":["Persistence Module","localStorage integration"],"fullName":"Persistence Module localStorage integration removes saved layout","status":"failed","title":"removes saved layout","duration":0.6241860000000088,"failureMessages":["AssertionError: expected false to be true // Object.is equality\n    at /home/user/sv-window-manager/src/lib/bwin/persistence.test.ts:426:20\n    at file:///home/user/sv-window-manager/node_modules/@vitest/runner/dist/chunk-hooks.js:155:11\n    at file:///home/user/sv-window-manager/node_modules/@vitest/runner/dist/chunk-hooks.js:752:26\n    at file:///home/user/sv-window-manager/node_modules/@vitest/runner/dist/chunk-hooks.js:1897:20\n    at new Promise (<anonymous>)\n    at runWithTimeout (file:///home/user/sv-window-manager/node_modules/@vitest/runner/dist/chunk-hooks.js:1863:10)\n    at runTest (file:///home/user/sv-window-manager/node_modules/@vitest/runner/dist/chunk-hooks.js:1574:12)\n    at processTicksAndRejections (node:internal/process/task_queues:105:5)\n    at runSuite (file:///home/user/sv-window-manager/node_modules/@vitest/runner/dist/chunk-hooks.js:1729:8)\n    at runSuite (file:///home/user/sv-window-manager/node_modules/@vitest/runner/dist/chunk-hooks.js:1729:8)"],"meta":{}},{"ancestorTitles":["Persistence Module","localStorage integration"],"fullName":"Persistence Module localStorage integration lists saved layouts","status":"failed","title":"lists saved layouts","duration":0.5762469999999666,"failureMessages":["AssertionError: expected 0 to be greater than or equal to 2\n    at /home/user/sv-window-manager/src/lib/bwin/persistence.test.ts:446:27\n    at file:///home/user/sv-window-manager/node_modules/@vitest/runner/dist/chunk-hooks.js:155:11\n    at file:///home/user/sv-window-manager/node_modules/@vitest/runner/dist/chunk-hooks.js:752:26\n    at file:///home/user/sv-window-manager/node_modules/@vitest/runner/dist/chunk-hooks.js:1897:20\n    at new Promise (<anonymous>)\n    at runWithTimeout (file:///home/user/sv-window-manager/node_modules/@vitest/runner/dist/chunk-hooks.js:1863:10)\n    at runTest (file:///home/user/sv-window-manager/node_modules/@vitest/runner/dist/chunk-hooks.js:1574:12)\n    at processTicksAndRejections (node:internal/process/task_queues:105:5)\n    at runSuite (file:///home/user/sv-window-manager/node_modules/@vitest/runner/dist/chunk-hooks.js:1729:8)\n    at runSuite (file:///home/user/sv-window-manager/node_modules/@vitest/runner/dist/chunk-hooks.js:1729:8)"],"meta":{}}],"startTime":1763535979301,"endTime":1763535979324.5762,"status":"failed","message":"","name":"/home/user/sv-window-manager/src/lib/bwin/persistence.test.ts"},{"assertionResults":[{"ancestorTitles":["Position constants"],"fullName":"Position constants defines all position constants","status":"passed","title":"defines all position constants","duration":1.588948000000073,"failureMessages":[],"meta":{}},{"ancestorTitles":["Position constants"],"fullName":"Position constants has unique values for each position","status":"passed","title":"has unique values for each position","duration":0.41505499999993845,"failureMessages":[],"meta":{}},{"ancestorTitles":["getOppositePosition"],"fullName":"getOppositePosition returns Bottom for Top","status":"passed","title":"returns Bottom for Top","duration":0.17516400000022259,"failureMessages":[],"meta":{}},{"ancestorTitles":["getOppositePosition"],"fullName":"getOppositePosition returns Top for Bottom","status":"passed","title":"returns Top for Bottom","duration":0.16308900000012727,"failureMessages":[],"meta":{}},{"ancestorTitles":["getOppositePosition"],"fullName":"getOppositePosition returns Left for Right","status":"passed","title":"returns Left for Right","duration":0.12073500000042259,"failureMessages":[],"meta":{}},{"ancestorTitles":["getOppositePosition"],"fullName":"getOppositePosition returns Right for Left","status":"passed","title":"returns Right for Left","duration":0.16760800000020026,"failureMessages":[],"meta":{}},{"ancestorTitles":["getOppositePosition"],"fullName":"getOppositePosition throws BwinError for invalid position","status":"passed","title":"throws BwinError for invalid position","duration":1.2708580000003167,"failureMessages":[],"meta":{}},{"ancestorTitles":["getOppositePosition"],"fullName":"getOppositePosition throws BwinError for Center position","status":"passed","title":"throws BwinError for Center position","duration":0.3595070000001215,"failureMessages":[],"meta":{}},{"ancestorTitles":["getOppositePosition"],"fullName":"getOppositePosition throws BwinError for Root position","status":"passed","title":"throws BwinError for Root position","duration":0.43783399999983885,"failureMessages":[],"meta":{}},{"ancestorTitles":["getOppositePosition"],"fullName":"getOppositePosition throws BwinError for Unknown position","status":"passed","title":"throws BwinError for Unknown position","duration":0.2547939999999471,"failureMessages":[],"meta":{}},{"ancestorTitles":["getOppositePosition"],"fullName":"getOppositePosition throws BwinError for Outside position","status":"passed","title":"throws BwinError for Outside position","duration":0.23532999999997628,"failureMessages":[],"meta":{}},{"ancestorTitles":["isTopRightBottomLeftOrCenter"],"fullName":"isTopRightBottomLeftOrCenter returns true for Top","status":"passed","title":"returns true for Top","duration":0.15495700000019497,"failureMessages":[],"meta":{}},{"ancestorTitles":["isTopRightBottomLeftOrCenter"],"fullName":"isTopRightBottomLeftOrCenter returns true for Right","status":"passed","title":"returns true for Right","duration":0.08278500000005806,"failureMessages":[],"meta":{}},{"ancestorTitles":["isTopRightBottomLeftOrCenter"],"fullName":"isTopRightBottomLeftOrCenter returns true for Bottom","status":"passed","title":"returns true for Bottom","duration":0.07952300000033574,"failureMessages":[],"meta":{}},{"ancestorTitles":["isTopRightBottomLeftOrCenter"],"fullName":"isTopRightBottomLeftOrCenter returns true for Left","status":"passed","title":"returns true for Left","duration":0.08117799999990893,"failureMessages":[],"meta":{}},{"ancestorTitles":["isTopRightBottomLeftOrCenter"],"fullName":"isTopRightBottomLeftOrCenter returns true for Center","status":"passed","title":"returns true for Center","duration":0.0883350000003702,"failureMessages":[],"meta":{}},{"ancestorTitles":["isTopRightBottomLeftOrCenter"],"fullName":"isTopRightBottomLeftOrCenter returns false for Root","status":"passed","title":"returns false for Root","duration":0.11693100000002232,"failureMessages":[],"meta":{}},{"ancestorTitles":["isTopRightBottomLeftOrCenter"],"fullName":"isTopRightBottomLeftOrCenter returns false for Unknown","status":"passed","title":"returns false for Unknown","duration":0.07253800000034971,"failureMessages":[],"meta":{}},{"ancestorTitles":["isTopRightBottomLeftOrCenter"],"fullName":"isTopRightBottomLeftOrCenter returns false for Outside","status":"passed","title":"returns false for Outside","duration":0.10740499999974418,"failureMessages":[],"meta":{}},{"ancestorTitles":["isTopRightBottomLeftOrCenter"],"fullName":"isTopRightBottomLeftOrCenter returns false for invalid position","status":"passed","title":"returns false for invalid position","duration":0.08067399999981717,"failureMessages":[],"meta":{}},{"ancestorTitles":["getCursorPosition","Center detection"],"fullName":"getCursorPosition Center detection detects center position when cursor is in center 30% zone","status":"passed","title":"detects center position when cursor is in center 30% zone","duration":0.3333770000003824,"failureMessages":[],"meta":{}},{"ancestorTitles":["getCursorPosition","Center detection"],"fullName":"getCursorPosition Center detection detects center for coordinates within center zone","status":"passed","title":"detects center for coordinates within center zone","duration":0.25398000000041066,"failureMessages":[],"meta":{}},{"ancestorTitles":["getCursorPosition","Left detection"],"fullName":"getCursorPosition Left detection detects left position","status":"passed","title":"detects left position","duration":0.11910299999999552,"failureMessages":[],"meta":{}},{"ancestorTitles":["getCursorPosition","Left detection"],"fullName":"getCursorPosition Left detection detects left in upper-left quadrant","status":"passed","title":"detects left in upper-left quadrant","duration":0.11692399999992631,"failureMessages":[],"meta":{}},{"ancestorTitles":["getCursorPosition","Left detection"],"fullName":"getCursorPosition Left detection detects left in lower-left quadrant","status":"passed","title":"detects left in lower-left quadrant","duration":0.10471499999994194,"failureMessages":[],"meta":{}},{"ancestorTitles":["getCursorPosition","Right detection"],"fullName":"getCursorPosition Right detection detects right position","status":"passed","title":"detects right position","duration":0.15284999999994398,"failureMessages":[],"meta":{}},{"ancestorTitles":["getCursorPosition","Right detection"],"fullName":"getCursorPosition Right detection detects right in upper-right quadrant","status":"passed","title":"detects right in upper-right quadrant","duration":0.10634100000015678,"failureMessages":[],"meta":{}},{"ancestorTitles":["getCursorPosition","Right detection"],"fullName":"getCursorPosition Right detection detects right in lower-right quadrant","status":"passed","title":"detects right in lower-right quadrant","duration":0.1444050000000061,"failureMessages":[],"meta":{}},{"ancestorTitles":["getCursorPosition","Top detection"],"fullName":"getCursorPosition Top detection detects top position","status":"passed","title":"detects top position","duration":0.14131099999985963,"failureMessages":[],"meta":{}},{"ancestorTitles":["getCursorPosition","Top detection"],"fullName":"getCursorPosition Top detection detects top in upper-left corner area","status":"passed","title":"detects top in upper-left corner area","duration":0.09779200000002675,"failureMessages":[],"meta":{}},{"ancestorTitles":["getCursorPosition","Top detection"],"fullName":"getCursorPosition Top detection detects top in upper-right corner area","status":"passed","title":"detects top in upper-right corner area","duration":0.11468299999978626,"failureMessages":[],"meta":{}},{"ancestorTitles":["getCursorPosition","Bottom detection"],"fullName":"getCursorPosition Bottom detection detects bottom position","status":"passed","title":"detects bottom position","duration":0.1274329999996553,"failureMessages":[],"meta":{}},{"ancestorTitles":["getCursorPosition","Bottom detection"],"fullName":"getCursorPosition Bottom detection detects bottom in lower-left corner area","status":"passed","title":"detects bottom in lower-left corner area","duration":0.1202170000001388,"failureMessages":[],"meta":{}},{"ancestorTitles":["getCursorPosition","Bottom detection"],"fullName":"getCursorPosition Bottom detection detects bottom in lower-right corner area","status":"passed","title":"detects bottom in lower-right corner area","duration":0.1309759999999187,"failureMessages":[],"meta":{}},{"ancestorTitles":["getCursorPosition","Outside detection"],"fullName":"getCursorPosition Outside detection returns Outside when cursor is left of element","status":"passed","title":"returns Outside when cursor is left of element","duration":0.09234500000002299,"failureMessages":[],"meta":{}},{"ancestorTitles":["getCursorPosition","Outside detection"],"fullName":"getCursorPosition Outside detection returns Outside when cursor is right of element","status":"passed","title":"returns Outside when cursor is right of element","duration":0.08136600000034377,"failureMessages":[],"meta":{}},{"ancestorTitles":["getCursorPosition","Outside detection"],"fullName":"getCursorPosition Outside detection returns Outside when cursor is above element","status":"passed","title":"returns Outside when cursor is above element","duration":0.07944700000007288,"failureMessages":[],"meta":{}},{"ancestorTitles":["getCursorPosition","Outside detection"],"fullName":"getCursorPosition Outside detection returns Outside when cursor is below element","status":"passed","title":"returns Outside when cursor is below element","duration":0.10669200000029377,"failureMessages":[],"meta":{}},{"ancestorTitles":["getCursorPosition","Outside detection"],"fullName":"getCursorPosition Outside detection returns Outside for negative coordinates","status":"passed","title":"returns Outside for negative coordinates","duration":0.1384259999999813,"failureMessages":[],"meta":{}},{"ancestorTitles":["getCursorPosition","Unknown detection"],"fullName":"getCursorPosition Unknown detection returns Unknown for cursor on diagonal boundaries","status":"passed","title":"returns Unknown for cursor on diagonal boundaries","duration":0.6973899999998139,"failureMessages":[],"meta":{}},{"ancestorTitles":["getCursorPosition","Unknown detection"],"fullName":"getCursorPosition Unknown detection returns Unknown for cursor on center zone boundaries","status":"passed","title":"returns Unknown for cursor on center zone boundaries","duration":0.2023389999999381,"failureMessages":[],"meta":{}},{"ancestorTitles":["getCursorPosition","Element offset handling"],"fullName":"getCursorPosition Element offset handling correctly handles elements with offset position","status":"passed","title":"correctly handles elements with offset position","duration":0.12513300000000527,"failureMessages":[],"meta":{}},{"ancestorTitles":["getCursorPosition","Element offset handling"],"fullName":"getCursorPosition Element offset handling detects left position with offset element","status":"passed","title":"detects left position with offset element","duration":1.9122560000000703,"failureMessages":[],"meta":{}},{"ancestorTitles":["getCursorPosition","Element offset handling"],"fullName":"getCursorPosition Element offset handling detects right position with offset element","status":"passed","title":"detects right position with offset element","duration":0.25024900000016714,"failureMessages":[],"meta":{}},{"ancestorTitles":["getCursorPosition","Different element sizes"],"fullName":"getCursorPosition Different element sizes works with wide rectangular elements","status":"passed","title":"works with wide rectangular elements","duration":0.18576600000005783,"failureMessages":[],"meta":{}},{"ancestorTitles":["getCursorPosition","Different element sizes"],"fullName":"getCursorPosition Different element sizes works with tall rectangular elements","status":"passed","title":"works with tall rectangular elements","duration":0.17428500000005442,"failureMessages":[],"meta":{}},{"ancestorTitles":["getCursorPosition","Different element sizes"],"fullName":"getCursorPosition Different element sizes works with small square elements","status":"passed","title":"works with small square elements","duration":0.14795300000014322,"failureMessages":[],"meta":{}},{"ancestorTitles":["getCursorPosition","Different element sizes"],"fullName":"getCursorPosition Different element sizes works with very large elements","status":"passed","title":"works with very large elements","duration":0.19194199999992634,"failureMessages":[],"meta":{}},{"ancestorTitles":["getCursorPosition","Edge cases"],"fullName":"getCursorPosition Edge cases handles element at origin","status":"passed","title":"handles element at origin","duration":0.11385900000004767,"failureMessages":[],"meta":{}},{"ancestorTitles":["getCursorPosition","Edge cases"],"fullName":"getCursorPosition Edge cases handles cursor at element boundaries","status":"passed","title":"handles cursor at element boundaries","duration":0.9803790000000845,"failureMessages":[],"meta":{}}],"startTime":1763535977173,"endTime":1763535977187.9805,"status":"passed","message":"","name":"/home/user/sv-window-manager/src/lib/bwin/position.test.ts"},{"assertionResults":[{"ancestorTitles":["getIntersectRect"],"fullName":"getIntersectRect returns the intersected rect object 1","status":"passed","title":"returns the intersected rect object 1","duration":2.2956380000000536,"failureMessages":[],"meta":{}},{"ancestorTitles":["getIntersectRect"],"fullName":"getIntersectRect returns the intersected rect object 2","status":"passed","title":"returns the intersected rect object 2","duration":0.44536599999992177,"failureMessages":[],"meta":{}},{"ancestorTitles":["getIntersectRect"],"fullName":"getIntersectRect returns the null, when not intersected","status":"passed","title":"returns the null, when not intersected","duration":0.20836999999983163,"failureMessages":[],"meta":{}}],"startTime":1763535976933,"endTime":1763535976936.2083,"status":"passed","message":"","name":"/home/user/sv-window-manager/src/lib/bwin/rect.test.ts"},{"assertionResults":[{"ancestorTitles":["ReactiveSash - Edge Cases","Deep Nesting"],"fullName":"ReactiveSash - Edge Cases Deep Nesting handles deeply nested tree (10+ levels)","status":"passed","title":"handles deeply nested tree (10+ levels)","duration":1.9470380000002478,"failureMessages":[],"meta":{}},{"ancestorTitles":["ReactiveSash - Edge Cases","Deep Nesting"],"fullName":"ReactiveSash - Edge Cases Deep Nesting handles deep nesting without stack overflow","status":"passed","title":"handles deep nesting without stack overflow","duration":1.0353149999991729,"failureMessages":[],"meta":{}},{"ancestorTitles":["ReactiveSash - Edge Cases","Rapid Operations"],"fullName":"ReactiveSash - Edge Cases Rapid Operations handles rapid add/remove operations","status":"passed","title":"handles rapid add/remove operations","duration":1.3403709999993225,"failureMessages":[],"meta":{}},{"ancestorTitles":["ReactiveSash - Edge Cases","Rapid Operations"],"fullName":"ReactiveSash - Edge Cases Rapid Operations handles concurrent modifications during traversal","status":"passed","title":"handles concurrent modifications during traversal","duration":0.8842309999999998,"failureMessages":[],"meta":{}},{"ancestorTitles":["ReactiveSash - Edge Cases","Boundary Conditions"],"fullName":"ReactiveSash - Edge Cases Boundary Conditions handles minimum dimensions correctly","status":"passed","title":"handles minimum dimensions correctly","duration":0.3535249999995358,"failureMessages":[],"meta":{}},{"ancestorTitles":["ReactiveSash - Edge Cases","Boundary Conditions"],"fullName":"ReactiveSash - Edge Cases Boundary Conditions handles zero dimensions gracefully","status":"passed","title":"handles zero dimensions gracefully","duration":0.38684399999965535,"failureMessages":[],"meta":{}},{"ancestorTitles":["ReactiveSash - Edge Cases","Boundary Conditions"],"fullName":"ReactiveSash - Edge Cases Boundary Conditions handles negative positions","status":"passed","title":"handles negative positions","duration":0.30350799999996525,"failureMessages":[],"meta":{}},{"ancestorTitles":["ReactiveSash - Edge Cases","Boundary Conditions"],"fullName":"ReactiveSash - Edge Cases Boundary Conditions handles very large dimensions","status":"passed","title":"handles very large dimensions","duration":0.263503999999557,"failureMessages":[],"meta":{}},{"ancestorTitles":["ReactiveSash - Edge Cases","Tree Structure Edge Cases"],"fullName":"ReactiveSash - Edge Cases Tree Structure Edge Cases handles single-child parent (invalid BSP, but should not crash)","status":"failed","title":"handles single-child parent (invalid BSP, but should not crash)","duration":9.913386000000173,"failureMessages":["AssertionError: expected true to be false // Object.is equality\n    at /home/user/sv-window-manager/src/lib/bwin/sash-edge-cases.test.ts:265:36\n    at file:///home/user/sv-window-manager/node_modules/@vitest/runner/dist/chunk-hooks.js:155:11\n    at file:///home/user/sv-window-manager/node_modules/@vitest/runner/dist/chunk-hooks.js:752:26\n    at file:///home/user/sv-window-manager/node_modules/@vitest/runner/dist/chunk-hooks.js:1897:20\n    at new Promise (<anonymous>)\n    at runWithTimeout (file:///home/user/sv-window-manager/node_modules/@vitest/runner/dist/chunk-hooks.js:1863:10)\n    at runTest (file:///home/user/sv-window-manager/node_modules/@vitest/runner/dist/chunk-hooks.js:1574:12)\n    at processTicksAndRejections (node:internal/process/task_queues:105:5)\n    at runSuite (file:///home/user/sv-window-manager/node_modules/@vitest/runner/dist/chunk-hooks.js:1729:8)\n    at runSuite (file:///home/user/sv-window-manager/node_modules/@vitest/runner/dist/chunk-hooks.js:1729:8)"],"meta":{}},{"ancestorTitles":["ReactiveSash - Edge Cases","Tree Structure Edge Cases"],"fullName":"ReactiveSash - Edge Cases Tree Structure Edge Cases handles empty children array","status":"passed","title":"handles empty children array","duration":0.8477210000000923,"failureMessages":[],"meta":{}},{"ancestorTitles":["ReactiveSash - Edge Cases","Tree Structure Edge Cases"],"fullName":"ReactiveSash - Edge Cases Tree Structure Edge Cases handles more than 2 children (invalid BSP)","status":"passed","title":"handles more than 2 children (invalid BSP)","duration":0.1982189999998809,"failureMessages":[],"meta":{}},{"ancestorTitles":["ReactiveSash - Edge Cases","Search and Traversal Edge Cases"],"fullName":"ReactiveSash - Edge Cases Search and Traversal Edge Cases getById returns null for non-existent ID","status":"passed","title":"getById returns null for non-existent ID","duration":0.10981400000036956,"failureMessages":[],"meta":{}},{"ancestorTitles":["ReactiveSash - Edge Cases","Search and Traversal Edge Cases"],"fullName":"ReactiveSash - Edge Cases Search and Traversal Edge Cases getById handles duplicate IDs (returns first match)","status":"passed","title":"getById handles duplicate IDs (returns first match)","duration":0.1156009999995149,"failureMessages":[],"meta":{}},{"ancestorTitles":["ReactiveSash - Edge Cases","Search and Traversal Edge Cases"],"fullName":"ReactiveSash - Edge Cases Search and Traversal Edge Cases getAllIds returns all IDs in tree","status":"passed","title":"getAllIds returns all IDs in tree","duration":0.649850000000697,"failureMessages":[],"meta":{}},{"ancestorTitles":["ReactiveSash - Edge Cases","Search and Traversal Edge Cases"],"fullName":"ReactiveSash - Edge Cases Search and Traversal Edge Cases walk stops when callback returns false","status":"failed","title":"walk stops when callback returns false","duration":0.8806089999998221,"failureMessages":["AssertionError: expected 11 to be 5 // Object.is equality\n    at /home/user/sv-window-manager/src/lib/bwin/sash-edge-cases.test.ts:417:27\n    at file:///home/user/sv-window-manager/node_modules/@vitest/runner/dist/chunk-hooks.js:155:11\n    at file:///home/user/sv-window-manager/node_modules/@vitest/runner/dist/chunk-hooks.js:752:26\n    at file:///home/user/sv-window-manager/node_modules/@vitest/runner/dist/chunk-hooks.js:1897:20\n    at new Promise (<anonymous>)\n    at runWithTimeout (file:///home/user/sv-window-manager/node_modules/@vitest/runner/dist/chunk-hooks.js:1863:10)\n    at runTest (file:///home/user/sv-window-manager/node_modules/@vitest/runner/dist/chunk-hooks.js:1574:12)\n    at processTicksAndRejections (node:internal/process/task_queues:105:5)\n    at runSuite (file:///home/user/sv-window-manager/node_modules/@vitest/runner/dist/chunk-hooks.js:1729:8)\n    at runSuite (file:///home/user/sv-window-manager/node_modules/@vitest/runner/dist/chunk-hooks.js:1729:8)"],"meta":{}},{"ancestorTitles":["ReactiveSash - Edge Cases","Circular Reference Prevention"],"fullName":"ReactiveSash - Edge Cases Circular Reference Prevention does not follow circular parent references","status":"passed","title":"does not follow circular parent references","duration":0.297313000000031,"failureMessages":[],"meta":{}},{"ancestorTitles":["ReactiveSash - Edge Cases","getAllLeafDescendants Edge Cases"],"fullName":"ReactiveSash - Edge Cases getAllLeafDescendants Edge Cases returns only leaf nodes (no internal nodes)","status":"passed","title":"returns only leaf nodes (no internal nodes)","duration":0.32603300000027957,"failureMessages":[],"meta":{}},{"ancestorTitles":["ReactiveSash - Edge Cases","getAllLeafDescendants Edge Cases"],"fullName":"ReactiveSash - Edge Cases getAllLeafDescendants Edge Cases returns empty array for node with no descendants","status":"passed","title":"returns empty array for node with no descendants","duration":0.19189499999993131,"failureMessages":[],"meta":{}},{"ancestorTitles":["ReactiveSash - Edge Cases","Memory and Performance"],"fullName":"ReactiveSash - Edge Cases Memory and Performance handles large number of siblings efficiently","status":"passed","title":"handles large number of siblings efficiently","duration":1.1581380000006902,"failureMessages":[],"meta":{}}],"startTime":1763535979282,"endTime":1763535979304.1582,"status":"failed","message":"","name":"/home/user/sv-window-manager/src/lib/bwin/sash-edge-cases.test.ts"},{"assertionResults":[{"ancestorTitles":["Sash class","constructor"],"fullName":"Sash class constructor creates a sash with default values","status":"passed","title":"creates a sash with default values","duration":2.515328999999838,"failureMessages":[],"meta":{}},{"ancestorTitles":["Sash class","constructor"],"fullName":"Sash class constructor creates a sash with custom values","status":"passed","title":"creates a sash with custom values","duration":0.3745440000002418,"failureMessages":[],"meta":{}},{"ancestorTitles":["Sash class","constructor"],"fullName":"Sash class constructor generates a unique ID when not provided","status":"passed","title":"generates a unique ID when not provided","duration":0.3906670000005761,"failureMessages":[],"meta":{}},{"ancestorTitles":["Sash class","constructor"],"fullName":"Sash class constructor throws error when position is not provided","status":"passed","title":"throws error when position is not provided","duration":0.7953349999997954,"failureMessages":[],"meta":{}},{"ancestorTitles":["Sash class","constructor"],"fullName":"Sash class constructor throws BwinError when position is missing","status":"passed","title":"throws BwinError when position is missing","duration":0.29788399999961257,"failureMessages":[],"meta":{}},{"ancestorTitles":["Sash class","tree structure methods","isLeaf"],"fullName":"Sash class tree structure methods isLeaf returns true when sash has no children","status":"passed","title":"returns true when sash has no children","duration":0.1683579999998983,"failureMessages":[],"meta":{}},{"ancestorTitles":["Sash class","tree structure methods","isLeaf"],"fullName":"Sash class tree structure methods isLeaf returns false when sash has children","status":"passed","title":"returns false when sash has children","duration":0.1392439999999624,"failureMessages":[],"meta":{}},{"ancestorTitles":["Sash class","tree structure methods","isSplit"],"fullName":"Sash class tree structure methods isSplit returns false when sash has no children","status":"passed","title":"returns false when sash has no children","duration":0.19147100000009232,"failureMessages":[],"meta":{}},{"ancestorTitles":["Sash class","tree structure methods","isSplit"],"fullName":"Sash class tree structure methods isSplit returns true when sash has children","status":"passed","title":"returns true when sash has children","duration":0.3729690000000119,"failureMessages":[],"meta":{}},{"ancestorTitles":["Sash class","tree structure methods","isLeftRightSplit"],"fullName":"Sash class tree structure methods isLeftRightSplit returns true when sash has left child","status":"passed","title":"returns true when sash has left child","duration":0.19530800000029558,"failureMessages":[],"meta":{}},{"ancestorTitles":["Sash class","tree structure methods","isLeftRightSplit"],"fullName":"Sash class tree structure methods isLeftRightSplit returns true when sash has right child","status":"passed","title":"returns true when sash has right child","duration":0.0958440000003975,"failureMessages":[],"meta":{}},{"ancestorTitles":["Sash class","tree structure methods","isLeftRightSplit"],"fullName":"Sash class tree structure methods isLeftRightSplit returns false when sash has only top/bottom children","status":"passed","title":"returns false when sash has only top/bottom children","duration":0.08565700000053766,"failureMessages":[],"meta":{}},{"ancestorTitles":["Sash class","tree structure methods","isLeftRightSplit"],"fullName":"Sash class tree structure methods isLeftRightSplit returns false when sash has no children","status":"passed","title":"returns false when sash has no children","duration":0.07012699999995675,"failureMessages":[],"meta":{}},{"ancestorTitles":["Sash class","tree structure methods","isTopBottomSplit"],"fullName":"Sash class tree structure methods isTopBottomSplit returns true when sash has top child","status":"passed","title":"returns true when sash has top child","duration":0.13445600000068225,"failureMessages":[],"meta":{}},{"ancestorTitles":["Sash class","tree structure methods","isTopBottomSplit"],"fullName":"Sash class tree structure methods isTopBottomSplit returns true when sash has bottom child","status":"passed","title":"returns true when sash has bottom child","duration":0.09151000000019849,"failureMessages":[],"meta":{}},{"ancestorTitles":["Sash class","tree structure methods","isTopBottomSplit"],"fullName":"Sash class tree structure methods isTopBottomSplit returns false when sash has only left/right children","status":"passed","title":"returns false when sash has only left/right children","duration":0.09246400000029098,"failureMessages":[],"meta":{}},{"ancestorTitles":["Sash class","tree structure methods","isTopBottomSplit"],"fullName":"Sash class tree structure methods isTopBottomSplit returns false when sash has no children","status":"passed","title":"returns false when sash has no children","duration":0.08823000000029424,"failureMessages":[],"meta":{}},{"ancestorTitles":["Sash class","tree structure methods","child getters"],"fullName":"Sash class tree structure methods child getters returns left child correctly","status":"passed","title":"returns left child correctly","duration":0.28468399999928806,"failureMessages":[],"meta":{}},{"ancestorTitles":["Sash class","tree structure methods","child getters"],"fullName":"Sash class tree structure methods child getters returns right child correctly","status":"passed","title":"returns right child correctly","duration":0.11388799999986077,"failureMessages":[],"meta":{}},{"ancestorTitles":["Sash class","tree structure methods","child getters"],"fullName":"Sash class tree structure methods child getters returns top child correctly","status":"passed","title":"returns top child correctly","duration":0.10283100000015111,"failureMessages":[],"meta":{}},{"ancestorTitles":["Sash class","tree structure methods","child getters"],"fullName":"Sash class tree structure methods child getters returns bottom child correctly","status":"passed","title":"returns bottom child correctly","duration":0.09371900000041933,"failureMessages":[],"meta":{}},{"ancestorTitles":["Sash class","tree structure methods","child getters"],"fullName":"Sash class tree structure methods child getters returns undefined when child does not exist","status":"passed","title":"returns undefined when child does not exist","duration":0.20392199999969307,"failureMessages":[],"meta":{}},{"ancestorTitles":["Sash class","tree structure methods","getChildren"],"fullName":"Sash class tree structure methods getChildren returns array in order [top, right, bottom, left]","status":"passed","title":"returns array in order [top, right, bottom, left]","duration":0.37013200000001234,"failureMessages":[],"meta":{}},{"ancestorTitles":["Sash class","tree structure methods","getChildren"],"fullName":"Sash class tree structure methods getChildren returns nulls for missing children","status":"passed","title":"returns nulls for missing children","duration":0.19586100000014994,"failureMessages":[],"meta":{}},{"ancestorTitles":["Sash class","tree structure methods","addChild"],"fullName":"Sash class tree structure methods addChild adds a child successfully","status":"passed","title":"adds a child successfully","duration":1.015943999999763,"failureMessages":[],"meta":{}},{"ancestorTitles":["Sash class","tree structure methods","addChild"],"fullName":"Sash class tree structure methods addChild allows adding up to 2 children","status":"passed","title":"allows adding up to 2 children","duration":0.5533479999994597,"failureMessages":[],"meta":{}},{"ancestorTitles":["Sash class","tree structure methods","addChild"],"fullName":"Sash class tree structure methods addChild throws error when adding more than 2 children","status":"passed","title":"throws error when adding more than 2 children","duration":0.27581800000007206,"failureMessages":[],"meta":{}},{"ancestorTitles":["Sash class","tree traversal methods","walk"],"fullName":"Sash class tree traversal methods walk calls callback for a single node","status":"passed","title":"calls callback for a single node","duration":0.1416269999999713,"failureMessages":[],"meta":{}},{"ancestorTitles":["Sash class","tree traversal methods","walk"],"fullName":"Sash class tree traversal methods walk calls callback in depth-first post-order","status":"passed","title":"calls callback in depth-first post-order","duration":0.3210140000001047,"failureMessages":[],"meta":{}},{"ancestorTitles":["Sash class","tree traversal methods","walk"],"fullName":"Sash class tree traversal methods walk handles deep nesting correctly","status":"passed","title":"handles deep nesting correctly","duration":0.20927499999925203,"failureMessages":[],"meta":{}},{"ancestorTitles":["Sash class","tree traversal methods","getAllLeafDescendants"],"fullName":"Sash class tree traversal methods getAllLeafDescendants returns empty array for leaf node","status":"passed","title":"returns empty array for leaf node","duration":0.14469999999982974,"failureMessages":[],"meta":{}},{"ancestorTitles":["Sash class","tree traversal methods","getAllLeafDescendants"],"fullName":"Sash class tree traversal methods getAllLeafDescendants returns all leaf nodes","status":"passed","title":"returns all leaf nodes","duration":0.32357000000047265,"failureMessages":[],"meta":{}},{"ancestorTitles":["Sash class","tree traversal methods","getAllLeafDescendants"],"fullName":"Sash class tree traversal methods getAllLeafDescendants only returns leaf nodes from deep tree","status":"passed","title":"only returns leaf nodes from deep tree","duration":0.6779409999999189,"failureMessages":[],"meta":{}},{"ancestorTitles":["Sash class","ID management","getById"],"fullName":"Sash class ID management getById finds self by ID","status":"passed","title":"finds self by ID","duration":0.14443200000005163,"failureMessages":[],"meta":{}},{"ancestorTitles":["Sash class","ID management","getById"],"fullName":"Sash class ID management getById finds child by ID","status":"passed","title":"finds child by ID","duration":0.09212599999955273,"failureMessages":[],"meta":{}},{"ancestorTitles":["Sash class","ID management","getById"],"fullName":"Sash class ID management getById finds deep descendant by ID","status":"passed","title":"finds deep descendant by ID","duration":0.0819259999998394,"failureMessages":[],"meta":{}},{"ancestorTitles":["Sash class","ID management","getById"],"fullName":"Sash class ID management getById returns null when ID not found","status":"passed","title":"returns null when ID not found","duration":0.07009399999969901,"failureMessages":[],"meta":{}},{"ancestorTitles":["Sash class","ID management","getAllIds"],"fullName":"Sash class ID management getAllIds returns only self ID when no children","status":"passed","title":"returns only self ID when no children","duration":0.23088199999983772,"failureMessages":[],"meta":{}},{"ancestorTitles":["Sash class","ID management","getAllIds"],"fullName":"Sash class ID management getAllIds returns all IDs from tree","status":"passed","title":"returns all IDs from tree","duration":0.3639949999997043,"failureMessages":[],"meta":{}},{"ancestorTitles":["Sash class","ID management","getAllIds"],"fullName":"Sash class ID management getAllIds returns all IDs from deep tree","status":"passed","title":"returns all IDs from deep tree","duration":0.13360800000009476,"failureMessages":[],"meta":{}},{"ancestorTitles":["Sash class","ID management","swapIds"],"fullName":"Sash class ID management swapIds swaps IDs of two sashes","status":"passed","title":"swaps IDs of two sashes","duration":0.13351500000044325,"failureMessages":[],"meta":{}},{"ancestorTitles":["Sash class","ID management","swapIds"],"fullName":"Sash class ID management swapIds throws error when first sash not found","status":"passed","title":"throws error when first sash not found","duration":0.22294799999963288,"failureMessages":[],"meta":{}},{"ancestorTitles":["Sash class","ID management","swapIds"],"fullName":"Sash class ID management swapIds throws error when second sash not found","status":"passed","title":"throws error when second sash not found","duration":0.2637800000002244,"failureMessages":[],"meta":{}},{"ancestorTitles":["Sash class","parent-child relationship methods","getDescendantParentById"],"fullName":"Sash class parent-child relationship methods getDescendantParentById returns parent of direct child","status":"passed","title":"returns parent of direct child","duration":0.13024099999984173,"failureMessages":[],"meta":{}},{"ancestorTitles":["Sash class","parent-child relationship methods","getDescendantParentById"],"fullName":"Sash class parent-child relationship methods getDescendantParentById returns parent of deep descendant","status":"passed","title":"returns parent of deep descendant","duration":0.08439899999939371,"failureMessages":[],"meta":{}},{"ancestorTitles":["Sash class","parent-child relationship methods","getDescendantParentById"],"fullName":"Sash class parent-child relationship methods getDescendantParentById returns null when ID not found","status":"passed","title":"returns null when ID not found","duration":0.08666799999991781,"failureMessages":[],"meta":{}},{"ancestorTitles":["Sash class","parent-child relationship methods","getDescendantParentById"],"fullName":"Sash class parent-child relationship methods getDescendantParentById returns null for self ID","status":"passed","title":"returns null for self ID","duration":0.06448100000034174,"failureMessages":[],"meta":{}},{"ancestorTitles":["Sash class","parent-child relationship methods","getChildSiblingById"],"fullName":"Sash class parent-child relationship methods getChildSiblingById returns the sibling of a child","status":"passed","title":"returns the sibling of a child","duration":0.10260099999959493,"failureMessages":[],"meta":{}},{"ancestorTitles":["Sash class","parent-child relationship methods","getChildSiblingById"],"fullName":"Sash class parent-child relationship methods getChildSiblingById returns undefined when no sibling exists","status":"passed","title":"returns undefined when no sibling exists","duration":0.0728079999998954,"failureMessages":[],"meta":{}},{"ancestorTitles":["Sash class","parent-child relationship methods","getChildSiblingById"],"fullName":"Sash class parent-child relationship methods getChildSiblingById returns undefined when child not found","status":"passed","title":"returns undefined when child not found","duration":0.06502000000000407,"failureMessages":[],"meta":{}},{"ancestorTitles":["Sash class","minimum size calculations","calcMinWidth"],"fullName":"Sash class minimum size calculations calcMinWidth returns minWidth for leaf node","status":"passed","title":"returns minWidth for leaf node","duration":0.14293799999995827,"failureMessages":[],"meta":{}},{"ancestorTitles":["Sash class","minimum size calculations","calcMinWidth"],"fullName":"Sash class minimum size calculations calcMinWidth returns sum of left/right children minWidths","status":"passed","title":"returns sum of left/right children minWidths","duration":0.1185670000004393,"failureMessages":[],"meta":{}},{"ancestorTitles":["Sash class","minimum size calculations","calcMinWidth"],"fullName":"Sash class minimum size calculations calcMinWidth returns max of top/bottom children minWidths","status":"passed","title":"returns max of top/bottom children minWidths","duration":0.08969400000023597,"failureMessages":[],"meta":{}},{"ancestorTitles":["Sash class","minimum size calculations","calcMinWidth"],"fullName":"Sash class minimum size calculations calcMinWidth returns parent minWidth when greater than children","status":"passed","title":"returns parent minWidth when greater than children","duration":0.08453300000019226,"failureMessages":[],"meta":{}},{"ancestorTitles":["Sash class","minimum size calculations","calcMinHeight"],"fullName":"Sash class minimum size calculations calcMinHeight returns minHeight for leaf node","status":"passed","title":"returns minHeight for leaf node","duration":0.11017400000037014,"failureMessages":[],"meta":{}},{"ancestorTitles":["Sash class","minimum size calculations","calcMinHeight"],"fullName":"Sash class minimum size calculations calcMinHeight returns sum of top/bottom children minHeights","status":"passed","title":"returns sum of top/bottom children minHeights","duration":0.09877899999992223,"failureMessages":[],"meta":{}},{"ancestorTitles":["Sash class","minimum size calculations","calcMinHeight"],"fullName":"Sash class minimum size calculations calcMinHeight returns max of left/right children minHeights","status":"passed","title":"returns max of left/right children minHeights","duration":0.08990300000004936,"failureMessages":[],"meta":{}},{"ancestorTitles":["Sash class","minimum size calculations","calcMinHeight"],"fullName":"Sash class minimum size calculations calcMinHeight returns parent minHeight when greater than children","status":"passed","title":"returns parent minHeight when greater than children","duration":0.15028700000038953,"failureMessages":[],"meta":{}},{"ancestorTitles":["Sash class","position setters and dimension propagation","top setter"],"fullName":"Sash class position setters and dimension propagation top setter updates top position","status":"passed","title":"updates top position","duration":0.14758400000027905,"failureMessages":[],"meta":{}},{"ancestorTitles":["Sash class","position setters and dimension propagation","top setter"],"fullName":"Sash class position setters and dimension propagation top setter propagates top change to left/right children","status":"passed","title":"propagates top change to left/right children","duration":0.23446299999977782,"failureMessages":[],"meta":{}},{"ancestorTitles":["Sash class","position setters and dimension propagation","top setter"],"fullName":"Sash class position setters and dimension propagation top setter propagates top change to top/bottom children","status":"passed","title":"propagates top change to top/bottom children","duration":0.16880399999990914,"failureMessages":[],"meta":{}},{"ancestorTitles":["Sash class","position setters and dimension propagation","left setter"],"fullName":"Sash class position setters and dimension propagation left setter updates left position","status":"passed","title":"updates left position","duration":0.11907400000018242,"failureMessages":[],"meta":{}},{"ancestorTitles":["Sash class","position setters and dimension propagation","left setter"],"fullName":"Sash class position setters and dimension propagation left setter propagates left change to left/right children","status":"passed","title":"propagates left change to left/right children","duration":0.4603550000001633,"failureMessages":[],"meta":{}},{"ancestorTitles":["Sash class","position setters and dimension propagation","left setter"],"fullName":"Sash class position setters and dimension propagation left setter propagates left change to top/bottom children","status":"passed","title":"propagates left change to top/bottom children","duration":0.2878999999993539,"failureMessages":[],"meta":{}},{"ancestorTitles":["Sash class","position setters and dimension propagation","width setter"],"fullName":"Sash class position setters and dimension propagation width setter updates width","status":"passed","title":"updates width","duration":0.23832799999945564,"failureMessages":[],"meta":{}},{"ancestorTitles":["Sash class","position setters and dimension propagation","width setter"],"fullName":"Sash class position setters and dimension propagation width setter propagates width change to top/bottom children","status":"passed","title":"propagates width change to top/bottom children","duration":0.16892600000028324,"failureMessages":[],"meta":{}},{"ancestorTitles":["Sash class","position setters and dimension propagation","width setter"],"fullName":"Sash class position setters and dimension propagation width setter distributes width change proportionally to left/right children","status":"passed","title":"distributes width change proportionally to left/right children","duration":0.2193569999999454,"failureMessages":[],"meta":{}},{"ancestorTitles":["Sash class","position setters and dimension propagation","height setter"],"fullName":"Sash class position setters and dimension propagation height setter updates height","status":"passed","title":"updates height","duration":0.2317480000001524,"failureMessages":[],"meta":{}},{"ancestorTitles":["Sash class","position setters and dimension propagation","height setter"],"fullName":"Sash class position setters and dimension propagation height setter propagates height change to left/right children","status":"passed","title":"propagates height change to left/right children","duration":0.167262999999366,"failureMessages":[],"meta":{}},{"ancestorTitles":["Sash class","position setters and dimension propagation","height setter"],"fullName":"Sash class position setters and dimension propagation height setter distributes height change proportionally to top/bottom children","status":"passed","title":"distributes height change proportionally to top/bottom children","duration":0.17133900000044378,"failureMessages":[],"meta":{}},{"ancestorTitles":["Sash class","resize strategies","natural resize strategy - left position"],"fullName":"Sash class resize strategies natural resize strategy - left position adjusts only right child width when expanding left sash","status":"passed","title":"adjusts only right child width when expanding left sash","duration":0.23214800000005198,"failureMessages":[],"meta":{}},{"ancestorTitles":["Sash class","resize strategies","natural resize strategy - right position"],"fullName":"Sash class resize strategies natural resize strategy - right position adjusts only left child width when expanding right sash","status":"passed","title":"adjusts only left child width when expanding right sash","duration":0.18502600000010716,"failureMessages":[],"meta":{}},{"ancestorTitles":["Sash class","resize strategies","classic resize strategy (default)"],"fullName":"Sash class resize strategies classic resize strategy (default) distributes width change proportionally to both children","status":"passed","title":"distributes width change proportionally to both children","duration":0.19041900000047463,"failureMessages":[],"meta":{}},{"ancestorTitles":["Sash class","minimum width constraints during resize"],"fullName":"Sash class minimum width constraints during resize respects minimum width when shrinking left child","status":"passed","title":"respects minimum width when shrinking left child","duration":0.123529000000417,"failureMessages":[],"meta":{}},{"ancestorTitles":["Sash class","minimum width constraints during resize"],"fullName":"Sash class minimum width constraints during resize respects minimum width when shrinking right child","status":"passed","title":"respects minimum width when shrinking right child","duration":0.09837199999947188,"failureMessages":[],"meta":{}},{"ancestorTitles":["Sash class","minimum height constraints during resize"],"fullName":"Sash class minimum height constraints during resize respects minimum height when shrinking top child","status":"passed","title":"respects minimum height when shrinking top child","duration":0.17435199999999895,"failureMessages":[],"meta":{}},{"ancestorTitles":["Sash class","minimum height constraints during resize"],"fullName":"Sash class minimum height constraints during resize respects minimum height when shrinking bottom child","status":"passed","title":"respects minimum height when shrinking bottom child","duration":0.17842800000016723,"failureMessages":[],"meta":{}}],"startTime":1763535979288,"endTime":1763535979308.1904,"status":"passed","message":"","name":"/home/user/sv-window-manager/src/lib/bwin/sash.test.ts"},{"assertionResults":[{"ancestorTitles":["templates","BUILTIN_TEMPLATES"],"fullName":"templates BUILTIN_TEMPLATES includes two-column template","status":"passed","title":"includes two-column template","duration":2.3027200000001358,"failureMessages":[],"meta":{}},{"ancestorTitles":["templates","BUILTIN_TEMPLATES"],"fullName":"templates BUILTIN_TEMPLATES includes three-column template","status":"passed","title":"includes three-column template","duration":0.3195709999999963,"failureMessages":[],"meta":{}},{"ancestorTitles":["templates","BUILTIN_TEMPLATES"],"fullName":"templates BUILTIN_TEMPLATES includes sidebar-left template","status":"passed","title":"includes sidebar-left template","duration":0.3135419999998703,"failureMessages":[],"meta":{}},{"ancestorTitles":["templates","BUILTIN_TEMPLATES"],"fullName":"templates BUILTIN_TEMPLATES includes sidebar-right template","status":"passed","title":"includes sidebar-right template","duration":0.14387500000020736,"failureMessages":[],"meta":{}},{"ancestorTitles":["templates","BUILTIN_TEMPLATES"],"fullName":"templates BUILTIN_TEMPLATES includes grid-2x2 template","status":"passed","title":"includes grid-2x2 template","duration":0.3347039999998742,"failureMessages":[],"meta":{}},{"ancestorTitles":["templates","BUILTIN_TEMPLATES"],"fullName":"templates BUILTIN_TEMPLATES includes horizontal-split template","status":"passed","title":"includes horizontal-split template","duration":0.2361729999997806,"failureMessages":[],"meta":{}},{"ancestorTitles":["templates","BUILTIN_TEMPLATES"],"fullName":"templates BUILTIN_TEMPLATES includes dashboard template","status":"passed","title":"includes dashboard template","duration":0.2909660000000258,"failureMessages":[],"meta":{}},{"ancestorTitles":["templates","BUILTIN_TEMPLATES"],"fullName":"templates BUILTIN_TEMPLATES includes ide template","status":"passed","title":"includes ide template","duration":0.15253900000016074,"failureMessages":[],"meta":{}},{"ancestorTitles":["templates","BUILTIN_TEMPLATES"],"fullName":"templates BUILTIN_TEMPLATES all built-in templates have exactly one root pane","status":"failed","title":"all built-in templates have exactly one root pane","duration":11.102768000000196,"failureMessages":["AssertionError: expected 3 to be 1 // Object.is equality\n    at /home/user/sv-window-manager/src/lib/bwin/templates.test.ts:64:30\n    at Array.forEach (<anonymous>)\n    at /home/user/sv-window-manager/src/lib/bwin/templates.test.ts:62:37\n    at file:///home/user/sv-window-manager/node_modules/@vitest/runner/dist/chunk-hooks.js:155:11\n    at file:///home/user/sv-window-manager/node_modules/@vitest/runner/dist/chunk-hooks.js:752:26\n    at file:///home/user/sv-window-manager/node_modules/@vitest/runner/dist/chunk-hooks.js:1897:20\n    at new Promise (<anonymous>)\n    at runWithTimeout (file:///home/user/sv-window-manager/node_modules/@vitest/runner/dist/chunk-hooks.js:1863:10)\n    at runTest (file:///home/user/sv-window-manager/node_modules/@vitest/runner/dist/chunk-hooks.js:1574:12)\n    at processTicksAndRejections (node:internal/process/task_queues:105:5)"],"meta":{}},{"ancestorTitles":["templates","BUILTIN_TEMPLATES"],"fullName":"templates BUILTIN_TEMPLATES all built-in templates are valid","status":"failed","title":"all built-in templates are valid","duration":2.8879830000000766,"failureMessages":["AssertionError: expected false to be true // Object.is equality\n    at /home/user/sv-window-manager/src/lib/bwin/templates.test.ts:71:26\n    at Array.forEach (<anonymous>)\n    at /home/user/sv-window-manager/src/lib/bwin/templates.test.ts:69:37\n    at file:///home/user/sv-window-manager/node_modules/@vitest/runner/dist/chunk-hooks.js:155:11\n    at file:///home/user/sv-window-manager/node_modules/@vitest/runner/dist/chunk-hooks.js:752:26\n    at file:///home/user/sv-window-manager/node_modules/@vitest/runner/dist/chunk-hooks.js:1897:20\n    at new Promise (<anonymous>)\n    at runWithTimeout (file:///home/user/sv-window-manager/node_modules/@vitest/runner/dist/chunk-hooks.js:1863:10)\n    at runTest (file:///home/user/sv-window-manager/node_modules/@vitest/runner/dist/chunk-hooks.js:1574:12)\n    at processTicksAndRejections (node:internal/process/task_queues:105:5)"],"meta":{}},{"ancestorTitles":["templates","registerTemplate"],"fullName":"templates registerTemplate registers a custom template","status":"passed","title":"registers a custom template","duration":0.5404779999998937,"failureMessages":[],"meta":{}},{"ancestorTitles":["templates","registerTemplate"],"fullName":"templates registerTemplate throws error for conflicting built-in template ID","status":"passed","title":"throws error for conflicting built-in template ID","duration":0.9933440000004339,"failureMessages":[],"meta":{}},{"ancestorTitles":["templates","registerTemplate"],"fullName":"templates registerTemplate throws error for duplicate custom template ID","status":"passed","title":"throws error for duplicate custom template ID","duration":2.896839,"failureMessages":[],"meta":{}},{"ancestorTitles":["templates","registerTemplate"],"fullName":"templates registerTemplate throws error for template with no panes","status":"passed","title":"throws error for template with no panes","duration":0.21772600000031161,"failureMessages":[],"meta":{}},{"ancestorTitles":["templates","registerTemplate"],"fullName":"templates registerTemplate throws error for template with no root pane","status":"passed","title":"throws error for template with no root pane","duration":0.17423599999983708,"failureMessages":[],"meta":{}},{"ancestorTitles":["templates","registerTemplate"],"fullName":"templates registerTemplate throws error for template with multiple root panes","status":"passed","title":"throws error for template with multiple root panes","duration":0.2112339999998767,"failureMessages":[],"meta":{}},{"ancestorTitles":["templates","unregisterTemplate"],"fullName":"templates unregisterTemplate unregisters a custom template","status":"passed","title":"unregisters a custom template","duration":0.2118070000001353,"failureMessages":[],"meta":{}},{"ancestorTitles":["templates","unregisterTemplate"],"fullName":"templates unregisterTemplate returns false for non-existent template","status":"passed","title":"returns false for non-existent template","duration":0.07290299999976924,"failureMessages":[],"meta":{}},{"ancestorTitles":["templates","unregisterTemplate"],"fullName":"templates unregisterTemplate cannot unregister built-in templates","status":"passed","title":"cannot unregister built-in templates","duration":0.09732099999973798,"failureMessages":[],"meta":{}},{"ancestorTitles":["templates","getTemplate"],"fullName":"templates getTemplate retrieves built-in template","status":"passed","title":"retrieves built-in template","duration":0.1012879999998404,"failureMessages":[],"meta":{}},{"ancestorTitles":["templates","getTemplate"],"fullName":"templates getTemplate retrieves custom template","status":"passed","title":"retrieves custom template","duration":0.08772600000020248,"failureMessages":[],"meta":{}},{"ancestorTitles":["templates","getTemplate"],"fullName":"templates getTemplate returns undefined for non-existent template","status":"passed","title":"returns undefined for non-existent template","duration":0.06360600000016348,"failureMessages":[],"meta":{}},{"ancestorTitles":["templates","getTemplate"],"fullName":"templates getTemplate custom template shadows built-in template (prevents conflicts)","status":"passed","title":"custom template shadows built-in template (prevents conflicts)","duration":0.12952500000028522,"failureMessages":[],"meta":{}},{"ancestorTitles":["templates","listTemplates"],"fullName":"templates listTemplates lists all built-in templates","status":"passed","title":"lists all built-in templates","duration":0.16422800000009374,"failureMessages":[],"meta":{}},{"ancestorTitles":["templates","listTemplates"],"fullName":"templates listTemplates includes custom templates","status":"passed","title":"includes custom templates","duration":0.40383099999962724,"failureMessages":[],"meta":{}},{"ancestorTitles":["templates","listTemplates"],"fullName":"templates listTemplates filters templates by function","status":"passed","title":"filters templates by function","duration":0.11178700000027675,"failureMessages":[],"meta":{}},{"ancestorTitles":["templates","listTemplates"],"fullName":"templates listTemplates filters templates by pane count","status":"passed","title":"filters templates by pane count","duration":0.20948300000009112,"failureMessages":[],"meta":{}},{"ancestorTitles":["templates","validateTemplate"],"fullName":"templates validateTemplate validates correct template","status":"passed","title":"validates correct template","duration":0.2700399999998808,"failureMessages":[],"meta":{}},{"ancestorTitles":["templates","validateTemplate"],"fullName":"templates validateTemplate detects missing ID","status":"passed","title":"detects missing ID","duration":0.23293899999998757,"failureMessages":[],"meta":{}},{"ancestorTitles":["templates","validateTemplate"],"fullName":"templates validateTemplate detects missing name","status":"passed","title":"detects missing name","duration":0.1396070000000691,"failureMessages":[],"meta":{}},{"ancestorTitles":["templates","validateTemplate"],"fullName":"templates validateTemplate detects missing panes array","status":"passed","title":"detects missing panes array","duration":0.16406800000004296,"failureMessages":[],"meta":{}},{"ancestorTitles":["templates","validateTemplate"],"fullName":"templates validateTemplate detects empty panes array","status":"passed","title":"detects empty panes array","duration":0.13156200000003082,"failureMessages":[],"meta":{}},{"ancestorTitles":["templates","validateTemplate"],"fullName":"templates validateTemplate detects no root pane","status":"passed","title":"detects no root pane","duration":0.10971799999970244,"failureMessages":[],"meta":{}},{"ancestorTitles":["templates","validateTemplate"],"fullName":"templates validateTemplate detects multiple root panes","status":"passed","title":"detects multiple root panes","duration":0.1042899999997644,"failureMessages":[],"meta":{}},{"ancestorTitles":["templates","validateTemplate"],"fullName":"templates validateTemplate detects pane without ID","status":"passed","title":"detects pane without ID","duration":0.11218400000007023,"failureMessages":[],"meta":{}},{"ancestorTitles":["templates","validateTemplate"],"fullName":"templates validateTemplate detects pane without position","status":"passed","title":"detects pane without position","duration":0.12804600000026767,"failureMessages":[],"meta":{}},{"ancestorTitles":["templates","validateTemplate"],"fullName":"templates validateTemplate detects invalid position","status":"passed","title":"detects invalid position","duration":0.10350900000003094,"failureMessages":[],"meta":{}},{"ancestorTitles":["templates","validateTemplate"],"fullName":"templates validateTemplate detects invalid size type","status":"passed","title":"detects invalid size type","duration":0.10215800000014497,"failureMessages":[],"meta":{}},{"ancestorTitles":["templates","validateTemplate"],"fullName":"templates validateTemplate detects size out of range (too small)","status":"passed","title":"detects size out of range (too small)","duration":0.13149699999985387,"failureMessages":[],"meta":{}},{"ancestorTitles":["templates","validateTemplate"],"fullName":"templates validateTemplate detects size out of range (too large)","status":"passed","title":"detects size out of range (too large)","duration":0.11034400000016831,"failureMessages":[],"meta":{}},{"ancestorTitles":["templates","validateTemplate"],"fullName":"templates validateTemplate detects duplicate pane IDs","status":"passed","title":"detects duplicate pane IDs","duration":0.11374700000033044,"failureMessages":[],"meta":{}},{"ancestorTitles":["templates","clearCustomTemplates"],"fullName":"templates clearCustomTemplates clears all custom templates","status":"passed","title":"clears all custom templates","duration":0.1558869999998933,"failureMessages":[],"meta":{}},{"ancestorTitles":["templates","clearCustomTemplates"],"fullName":"templates clearCustomTemplates does not affect built-in templates","status":"passed","title":"does not affect built-in templates","duration":0.06458399999974063,"failureMessages":[],"meta":{}},{"ancestorTitles":["templates","exportTemplateToJSON"],"fullName":"templates exportTemplateToJSON exports template to JSON string","status":"passed","title":"exports template to JSON string","duration":0.2675650000001042,"failureMessages":[],"meta":{}},{"ancestorTitles":["templates","exportTemplateToJSON"],"fullName":"templates exportTemplateToJSON exports with pretty formatting","status":"passed","title":"exports with pretty formatting","duration":0.27722999999969034,"failureMessages":[],"meta":{}},{"ancestorTitles":["templates","exportTemplateToJSON"],"fullName":"templates exportTemplateToJSON exports without formatting by default","status":"passed","title":"exports without formatting by default","duration":0.1090129999997771,"failureMessages":[],"meta":{}},{"ancestorTitles":["templates","importTemplateFromJSON"],"fullName":"templates importTemplateFromJSON imports valid template from JSON","status":"passed","title":"imports valid template from JSON","duration":0.25961400000005597,"failureMessages":[],"meta":{}},{"ancestorTitles":["templates","importTemplateFromJSON"],"fullName":"templates importTemplateFromJSON throws error for invalid JSON","status":"passed","title":"throws error for invalid JSON","duration":0.21240900000020702,"failureMessages":[],"meta":{}},{"ancestorTitles":["templates","importTemplateFromJSON"],"fullName":"templates importTemplateFromJSON throws error for invalid template structure","status":"passed","title":"throws error for invalid template structure","duration":0.47240700000020297,"failureMessages":[],"meta":{}},{"ancestorTitles":["templates","importTemplateFromJSON"],"fullName":"templates importTemplateFromJSON validates imported template","status":"passed","title":"validates imported template","duration":0.23648700000012468,"failureMessages":[],"meta":{}}],"startTime":1763535977174,"endTime":1763535977204.2366,"status":"failed","message":"","name":"/home/user/sv-window-manager/src/lib/bwin/templates.test.ts"},{"assertionResults":[{"ancestorTitles":["pane event dispatcher"],"fullName":"pane event dispatcher subscribes and receives emitted events","status":"passed","title":"subscribes and receives emitted events","duration":3.5922239999999874,"failureMessages":[],"meta":{}},{"ancestorTitles":["pane event dispatcher"],"fullName":"pane event dispatcher does not leak across event types","status":"passed","title":"does not leak across event types","duration":0.7216619999999239,"failureMessages":[],"meta":{}},{"ancestorTitles":["pane event dispatcher"],"fullName":"pane event dispatcher unsubscribes correctly","status":"passed","title":"unsubscribes correctly","duration":0.27872500000012224,"failureMessages":[],"meta":{}}],"startTime":1763535980101,"endTime":1763535980105.2788,"status":"passed","message":"","name":"/home/user/sv-window-manager/src/lib/events/dispatcher.spec.ts"},{"assertionResults":[{"ancestorTitles":[],"fullName":"Instantiate","status":"passed","title":"Instantiate","duration":1.4685269999999946,"failureMessages":[],"meta":{}}],"startTime":1763535979491,"endTime":1763535979492.4685,"status":"passed","message":"","name":"/home/user/sv-window-manager/src/lib/bwin/config/sash-config.test.ts"},{"assertionResults":[],"startTime":1763535974200,"endTime":1763535974200,"status":"passed","message":"","name":"/home/user/sv-window-manager/src/routes/page.svelte.spec.ts"},{"assertionResults":[],"startTime":1763535974200,"endTime":1763535974200,"status":"passed","message":"","name":"/home/user/sv-window-manager/src/lib/events/pane-events.svelte.test.ts"},{"assertionResults":[],"startTime":1763535974200,"endTime":1763535974200,"status":"passed","message":"","name":"/home/user/sv-window-manager/src/lib/events/pane-order-and-title.svelte.test.ts"},{"assertionResults":[],"startTime":1763535974200,"endTime":1763535974200,"status":"passed","message":"","name":"/home/user/sv-window-manager/src/lib/events/payload-contract.svelte.test.ts"},{"assertionResults":[],"startTime":1763535974200,"endTime":1763535974200,"status":"passed","message":"","name":"/home/user/sv-window-manager/src/routes/test/page.svelte.spec.ts"},{"assertionResults":[],"startTime":1763535974200,"endTime":1763535974200,"status":"passed","message":"","name":"/home/user/sv-window-manager/src/lib/bwin/aria-announcer.svelte.test.ts"},{"assertionResults":[],"startTime":1763535974200,"endTime":1763535974200,"status":"passed","message":"","name":"/home/user/sv-window-manager/src/lib/bwin/keyboard-shortcuts.svelte.test.ts"},{"assertionResults":[],"startTime":1763535974200,"endTime":1763535974200,"status":"passed","message":"","name":"/home/user/sv-window-manager/src/lib/bwin/sash.svelte.test.ts"},{"assertionResults":[],"startTime":1763535974200,"endTime":1763535974200,"status":"passed","message":"","name":"/home/user/sv-window-manager/src/lib/bwin/utils.svelte.test.ts"},{"assertionResults":[],"startTime":1763535974200,"endTime":1763535974200,"status":"passed","message":"","name":"/home/user/sv-window-manager/src/lib/bwin/binary-window/Glass-xss.svelte.test.ts"},{"assertionResults":[],"startTime":1763535974200,"endTime":1763535974200,"status":"passed","message":"","name":"/home/user/sv-window-manager/src/lib/bwin/binary-window/Glass.svelte.test.ts"},{"assertionResults":[],"startTime":1763535974200,"endTime":1763535974200,"status":"passed","message":"","name":"/home/user/sv-window-manager/src/lib/bwin/actions/drag.svelte.test.ts"},{"assertionResults":[],"startTime":1763535974200,"endTime":1763535974200,"status":"passed","message":"","name":"/home/user/sv-window-manager/src/lib/bwin/actions/drop.svelte.test.ts"},{"assertionResults":[],"startTime":1763535974200,"endTime":1763535974200,"status":"passed","message":"","name":"/home/user/sv-window-manager/src/lib/bwin/actions/resize.svelte.test.ts"},{"assertionResults":[],"startTime":1763535974200,"endTime":1763535974200,"status":"passed","message":"","name":"/home/user/sv-window-manager/src/lib/bwin/integration/frame-reactive-sash.svelte.test.ts"},{"assertionResults":[],"startTime":1763535974200,"endTime":1763535974200,"status":"passed","message":"","name":"/home/user/sv-window-manager/src/lib/bwin/integration/reactive-sash-integration.svelte.test.ts"},{"assertionResults":[],"startTime":1763535974200,"endTime":1763535974200,"status":"passed","message":"","name":"/home/user/sv-window-manager/src/lib/bwin/managers/glass-manager.svelte.test.ts"},{"assertionResults":[],"startTime":1763535974200,"endTime":1763535974200,"status":"passed","message":"","name":"/home/user/sv-window-manager/src/lib/bwin/managers/glass-state.svelte.test.ts"},{"assertionResults":[],"startTime":1763535974200,"endTime":1763535974200,"status":"passed","message":"","name":"/home/user/sv-window-manager/src/lib/bwin/managers/sill-manager.svelte.test.ts"},{"assertionResults":[],"startTime":1763535974200,"endTime":1763535974200,"status":"passed","message":"","name":"/home/user/sv-window-manager/src/lib/bwin/managers/sill-state.svelte.test.ts"}]}
